PROGRESS: sync 100/2131 (4.7%) in_db=0 needs_download=54 needs_manual=46 downloaded_now=0 already_present=0 failures=0 reused=0
PROGRESS: sync 200/2131 (9.4%) in_db=0 needs_download=76 needs_manual=124 downloaded_now=0 already_present=0 failures=0 reused=0
PROGRESS: sync 300/2131 (14.1%) in_db=0 needs_download=99 needs_manual=201 downloaded_now=0 already_present=0 failures=0 reused=0
PROGRESS: sync 400/2131 (18.8%) in_db=0 needs_download=127 needs_manual=273 downloaded_now=0 already_present=0 failures=0 reused=0
PROGRESS: sync 500/2131 (23.5%) in_db=0 needs_download=152 needs_manual=348 downloaded_now=0 already_present=0 failures=0 reused=0
PROGRESS: sync 600/2131 (28.2%) in_db=0 needs_download=192 needs_manual=408 downloaded_now=0 already_present=0 failures=0 reused=0
PROGRESS: sync 700/2131 (32.8%) in_db=0 needs_download=228 needs_manual=472 downloaded_now=0 already_present=0 failures=0 reused=0
PROGRESS: sync 800/2131 (37.5%) in_db=0 needs_download=264 needs_manual=536 downloaded_now=0 already_present=0 failures=0 reused=0
PROGRESS: sync 900/2131 (42.2%) in_db=0 needs_download=345 needs_manual=555 downloaded_now=0 already_present=0 failures=0 reused=0
PROGRESS: sync 1000/2131 (46.9%) in_db=0 needs_download=374 needs_manual=626 downloaded_now=0 already_present=0 failures=0 reused=0
PROGRESS: sync 1100/2131 (51.6%) in_db=0 needs_download=419 needs_manual=681 downloaded_now=0 already_present=0 failures=0 reused=0
PROGRESS: sync 1200/2131 (56.3%) in_db=0 needs_download=452 needs_manual=748 downloaded_now=0 already_present=0 failures=0 reused=0
PROGRESS: sync 1300/2131 (61.0%) in_db=0 needs_download=502 needs_manual=798 downloaded_now=0 already_present=0 failures=0 reused=0
PROGRESS: sync 1400/2131 (65.7%) in_db=0 needs_download=552 needs_manual=848 downloaded_now=0 already_present=0 failures=0 reused=0
PROGRESS: sync 1500/2131 (70.4%) in_db=0 needs_download=609 needs_manual=891 downloaded_now=0 already_present=0 failures=0 reused=0
PROGRESS: sync 1600/2131 (75.1%) in_db=0 needs_download=676 needs_manual=924 downloaded_now=0 already_present=0 failures=0 reused=0
PROGRESS: sync 1700/2131 (79.8%) in_db=0 needs_download=754 needs_manual=946 downloaded_now=0 already_present=0 failures=0 reused=0
PROGRESS: sync 1800/2131 (84.5%) in_db=0 needs_download=816 needs_manual=984 downloaded_now=0 already_present=0 failures=0 reused=0
PROGRESS: sync 1900/2131 (89.2%) in_db=0 needs_download=912 needs_manual=988 downloaded_now=0 already_present=0 failures=0 reused=0
PROGRESS: sync 2000/2131 (93.9%) in_db=0 needs_download=988 needs_manual=1012 downloaded_now=0 already_present=0 failures=0 reused=0
PROGRESS: sync 2100/2131 (98.5%) in_db=0 needs_download=1058 needs_manual=1042 downloaded_now=0 already_present=0 failures=0 reused=0
PROGRESS: sync 2131/2131 (100.0%) in_db=0 needs_download=1083 needs_manual=1048 downloaded_now=0 already_present=0 failures=0 reused=0
Dataset: disorder
DOI queue rows read: 2131
Unique papers: 2131
In database: 3368
Needs download: 12999
Needs manual access: 8623
Downloaded now: 0
Already present: 0
Reused existing/checkpoint: 0
Refreshed missing metadata: 0
Metadata provider successes: {'unpaywall': 2074}
Metadata provider errors: {'unpaywall': 0}
Unpaywall enabled: True
Download failures: 0
Paper DB JSON: /Users/frank/Library/CloudStorage/Dropbox/projects/psychedelics_knowledge_graph/data/processed/paper_library_disorder.json
Checkpoint JSON: /Users/frank/Library/CloudStorage/Dropbox/projects/psychedelics_knowledge_graph/data/processed/paper_library_disorder.checkpoint.json
Inventory report JSON: /Users/frank/Library/CloudStorage/Dropbox/projects/psychedelics_knowledge_graph/data/processed/paper_inventory_disorder.json
Inventory CSV: /Users/frank/Library/CloudStorage/Dropbox/projects/psychedelics_knowledge_graph/data/processed/paper_inventory_disorder.csv
Inventory Markdown: /Users/frank/Library/CloudStorage/Dropbox/projects/psychedelics_knowledge_graph/data/processed/paper_inventory_disorder.md
