Checkpoint resume: 0 row(s) from /Users/frank/Library/CloudStorage/Dropbox/projects/psychedelics_knowledge_graph/data/processed/llm_abstract_screening_report_mechanistic.systems_neuroscience_rediscovered_domain_reprocess.checkpoint.jsonl
[mechanistic 1/2552] 10.1038/s41591-026-04287-9
[mechanistic 2/2552] 10.1101/2025.04.08.647810
[mechanistic 3/2552] 10.1177/0271678x251323364
[mechanistic 4/2552] 10.3389/fnins.2025.1554049
[mechanistic 5/2552] 10.1007/s00018-024-05519-2
[mechanistic 6/2552] 10.1016/j.tips.2025.08.012
[mechanistic 7/2552] 10.1093/nc/niaf007
[mechanistic 8/2552] 10.3389/fpsyt.2025.1565852
[mechanistic 9/2552] 10.1162/imag.a.907
[mechanistic 10/2552] 10.1001/jamanetworkopen.2025.7803
[mechanistic 11/2552] 10.1038/s42003-025-08078-9
[mechanistic 12/2552] 10.1016/j.neubiorev.2025.106239
[mechanistic 13/2552] 10.1016/j.clinph.2025.02.264
[mechanistic 14/2552] 10.1038/s41586-025-08813-6
[mechanistic 15/2552] 10.1038/s41398-025-03611-0
[mechanistic 16/2552] 10.3390/brainsci15020117
[mechanistic 17/2552] 10.1038/s41398-025-03654-3
[mechanistic 18/2552] 10.1038/s41467-025-62980-8
[mechanistic 19/2552] 10.61373/pp025r.0002
[mechanistic 20/2552] 10.1016/j.jad.2025.120335
[mechanistic 21/2552] 10.1002/hbm.70209
[mechanistic 22/2552] 10.1007/s00213-025-06777-z
[mechanistic 23/2552] 10.1176/appi.ajp.20231054
[mechanistic 24/2552] 10.3390/ph18010130
[mechanistic 25/2552] 10.3389/fnins.2025.1606798
[mechanistic 26/2552] 10.1038/s41598-024-61474-9
[mechanistic 27/2552] 10.3390/brainsci14030248
[mechanistic 28/2552] 10.3389/fphar.2024.1387158
[mechanistic 29/2552] 10.1038/s12276-024-01294-z
[mechanistic 30/2552] 10.1021/acschemneuro.4c00245
[mechanistic 31/2552] 10.1101/2024.09.19.24313958
[mechanistic 32/2552] 10.3389/fpsyt.2024.1386321
[mechanistic 33/2552] 10.1016/j.bpsc.2024.02.001
[mechanistic 34/2552] 10.1038/s41386-024-01794-6
[mechanistic 35/2552] 10.1111/bph.16315
[mechanistic 36/2552] 10.3390/ijms252413658
[mechanistic 37/2552] 10.1038/s41380-024-02625-2
[mechanistic 38/2552] 10.1007/s11910-024-01353-y
[mechanistic 39/2552] 10.1126/science.ado7010
[mechanistic 40/2552] 10.1503/jpn.240037
[mechanistic 41/2552] 10.1038/s41467-024-52429-9
[mechanistic 42/2552] 10.1038/s41598-024-65391-9
[mechanistic 43/2552] 10.1101/2024.10.04.616717
[mechanistic 44/2552] 10.1038/s41598-024-69597-9
[mechanistic 45/2552] 10.1093/braincomms/fcae194
[mechanistic 46/2552] 10.1101/2024.12.12.628157
[mechanistic 47/2552] 10.1007/s12035-023-03860-4
[mechanistic 48/2552] 10.1038/s41380-023-02391-7
[mechanistic 49/2552] 10.1038/s41467-026-71962-3
[mechanistic 50/2552] 10.2147/ndt.s476420
[mechanistic 51/2552] 10.1111/pcn.13741
[mechanistic 52/2552] 10.1038/s41398-024-03013-8
[mechanistic 53/2552] 10.1126/science.adl0666
[mechanistic 54/2552] 10.1073/pnas.2402732121
[mechanistic 55/2552] 10.7554/elife.84173
[mechanistic 56/2552] 10.1016/j.euroneuro.2024.07.003
[mechanistic 57/2552] 10.1038/s41380-024-02734-y
[mechanistic 58/2552] 10.1038/s41380-024-02439-2
[mechanistic 59/2552] 10.1186/s12868-024-00844-5
[mechanistic 60/2552] 10.1186/s13195-024-01462-3
[mechanistic 61/2552] 10.1016/j.biopsych.2024.01.002
[mechanistic 62/2552] 10.1038/s41386-024-01809-2
[mechanistic 63/2552] 10.1016/j.psychres.2024.116092
[mechanistic 64/2552] 10.1101/2024.04.19.589047
[mechanistic 65/2552] 10.1177/0271678x241302937
[mechanistic 66/2552] 10.1523/jneurosci.1752-23.2024
[mechanistic 67/2552] 10.1038/s41467-024-51856-y
[mechanistic 68/2552] 10.1038/s41398-024-03180-8
[mechanistic 69/2552] 10.1111/bph.16466
[mechanistic 70/2552] 10.1016/j.jad.2024.02.089
[mechanistic 71/2552] 10.1021/acschemneuro.4c00279
[mechanistic 72/2552] 10.1038/s41586-024-07624-5
[mechanistic 73/2552] 10.1038/s41398-024-03103-7
[mechanistic 74/2552] 10.1177/02698811241249436
[mechanistic 75/2552] 10.1038/s41380-024-02788-y
[mechanistic 76/2552] 10.1038/s41380-024-02575-9
[mechanistic 77/2552] 10.1093/nc/niae025
[mechanistic 78/2552] 10.1016/j.neubiorev.2024.105899
[mechanistic 79/2552] 10.1038/s41380-024-02655-w
[mechanistic 80/2552] 10.61373/pp024r.0028
[mechanistic 81/2552] 10.1016/j.jad.2024.03.165
[mechanistic 82/2552] 10.3390/rel15040489
[mechanistic 83/2552] 10.3389/fpsyt.2024.1320780
[mechanistic 84/2552] 10.1038/s41380-023-02397-1
[mechanistic 85/2552] 10.1038/s41380-024-02640-3
[mechanistic 86/2552] 10.2174/1570159x22666231027111147
[mechanistic 87/2552] 10.1101/2024.12.09.627609
[mechanistic 88/2552] 10.1101/2024.10.22.619393
[mechanistic 89/2552] 10.1111/adb.13386
[mechanistic 90/2552] 10.1101/2024.05.30.596410
[mechanistic 91/2552] 10.3390/ijms252313098
[mechanistic 92/2552] 10.3389/fpsyt.2024.1485337
[mechanistic 93/2552] 10.1038/s42003-023-05093-6
[mechanistic 94/2552] 10.1021/acschemneuro.2c00718
[mechanistic 95/2552] 10.3390/biology12111380
[mechanistic 96/2552] 10.1016/j.celrep.2023.112203
[mechanistic 97/2552] 10.3389/fphar.2023.1140656
[mechanistic 98/2552] 10.1038/s41598-023-32649-7
[mechanistic 99/2552] 10.1038/s41386-023-01545-z
[mechanistic 100/2552] 10.1101/2023.01.09.523291
[mechanistic 101/2552] 10.1162/jocn_a_02003
[mechanistic 102/2552] 10.3389/fpsyt.2022.947622
[mechanistic 103/2552] 10.1016/j.nsa.2023.103934
[mechanistic 104/2552] 10.1007/s00213-023-06410-x
[mechanistic 105/2552] 10.1002/pcn5.146
[mechanistic 106/2552] 10.1523/jneurosci.1384-23.2023
[mechanistic 107/2552] 10.1177/02698811231155117
[mechanistic 108/2552] 10.3389/fnins.2023.1217079
[mechanistic 109/2552] 10.1007/s00213-023-06394-8
[mechanistic 110/2552] 10.1007/s00213-023-06479-4
[mechanistic 111/2552] 10.1007/s12144-023-05119-6
[mechanistic 112/2552] 10.1016/j.bja.2023.10.038
[mechanistic 113/2552] 10.1007/s00210-023-02778-x
[mechanistic 114/2552] 10.21203/rs.3.rs-3138705/v1
[mechanistic 115/2552] 10.1089/psymed.2022.0018
[mechanistic 116/2552] 10.3389/fnins.2023.1123797
[mechanistic 117/2552] 10.1038/s41386-023-01772-4
[mechanistic 118/2552] 10.1073/pnas.2218949120
[mechanistic 119/2552] 10.1038/s41467-023-44016-1
[mechanistic 120/2552] 10.1126/sciadv.adf8332
[mechanistic 121/2552] 10.1016/j.xcrm.2022.100906
[mechanistic 122/2552] 10.1038/s41386-023-01629-w
[mechanistic 123/2552] 10.1016/j.neuropharm.2023.109422
[mechanistic 124/2552] 10.1007/s00213-023-06514-4
[mechanistic 125/2552] 10.7554/elife.86022
[mechanistic 126/2552] 10.1371/journal.pcbi.1010811
[mechanistic 127/2552] 10.1089/psymed.2023.0010
[mechanistic 128/2552] 10.1089/psymed.2022.0014
[mechanistic 129/2552] 10.1038/s41598-023-38258-8
[mechanistic 130/2552] 10.1038/s41380-023-02274-x
[mechanistic 131/2552] 10.3389/fnins.2023.1156319
[mechanistic 132/2552] 10.3390/ijms25010241
[mechanistic 133/2552] 10.1002/psp4.12933
[mechanistic 134/2552] 10.1101/2023.07.03.23292164
[mechanistic 135/2552] 10.1038/s41380-023-02271-0
[mechanistic 136/2552] 10.1093/nc/niad017
[mechanistic 137/2552] 10.1016/j.pbb.2023.173659
[mechanistic 138/2552] 10.1111/cns.14054
[mechanistic 139/2552] 10.1038/s41386-023-01744-8
[mechanistic 140/2552] 10.1007/7854_2023_451
[mechanistic 141/2552] 10.1101/2023.08.22.23294131
[mechanistic 142/2552] 10.1097/cm9.0000000000002647
[mechanistic 143/2552] 10.1038/s41398-023-02690-1
[mechanistic 144/2552] 10.1080/02791072.2023.2223195
[mechanistic 145/2552] 10.1038/s41386-023-01656-7
[mechanistic 146/2552] 10.3389/fpsyt.2023.1183740
[mechanistic 147/2552] 10.3389/fpsyg.2023.1104627
[mechanistic 148/2552] 10.1007/s43440-023-00546-5
[mechanistic 149/2552] 10.1126/science.adf0435
[mechanistic 150/2552] 10.1038/s41593-023-01316-5
[mechanistic 151/2552] 10.1038/s41586-023-06204-3
[mechanistic 152/2552] 10.1038/s41380-023-02280-z
[mechanistic 153/2552] 10.31219/osf.io/gy6m9
[mechanistic 154/2552] 10.1016/j.jad.2023.05.024
[mechanistic 155/2552] 10.21203/rs.3.rs-3787978/v1
[mechanistic 156/2552] 10.3389/fpsyt.2022.1076459
[mechanistic 157/2552] 10.1038/s41398-023-02414-5
[mechanistic 158/2552] 10.1021/acschemneuro.2c00637
[mechanistic 159/2552] 10.1038/s41401-023-01201-8
[mechanistic 160/2552] 10.1177/02698811231179800
[mechanistic 161/2552] 10.1016/j.isci.2023.106589
[mechanistic 162/2552] 10.1089/psymed.2023.0009
[mechanistic 163/2552] 10.1146/annurev-physiol-042022-020923
[mechanistic 164/2552] 10.3389/fmolb.2023.1233743
[mechanistic 165/2552] 10.1016/j.bpsgos.2023.07.008
[mechanistic 166/2552] 10.1038/s41398-023-02691-0
[mechanistic 167/2552] 10.1007/s40263-023-01044-1
[mechanistic 168/2552] 10.1016/j.neuropharm.2023.109452
[mechanistic 169/2552] 10.1016/j.euroneuro.2023.07.003
[mechanistic 170/2552] 10.1162/netn_a_00349
[mechanistic 171/2552] 10.1038/s41386-023-01666-5
[mechanistic 172/2552] 10.1101/2023.05.11.540409
[mechanistic 173/2552] 10.1016/j.jad.2023.03.064
[mechanistic 174/2552] 10.1038/s41386-023-01613-4
[mechanistic 175/2552] 10.1101/2023.02.19.528997
[mechanistic 176/2552] 10.3389/fnins.2023.1152578
[mechanistic 177/2552] 10.1016/j.euroneuro.2022.09.004
[mechanistic 178/2552] 10.1038/s41398-022-02192-6
[mechanistic 179/2552] 10.21203/rs.3.rs-2187775/v1
[mechanistic 180/2552] 10.1016/j.tics.2022.11.006
[mechanistic 181/2552] 10.1177/02698811211069124
[mechanistic 182/2552] 10.1177/23982128221081645
[mechanistic 183/2552] 10.1177/02698811221140011
[mechanistic 184/2552] 10.1038/s41398-022-02103-9
[mechanistic 185/2552] 10.1016/j.ynstr.2022.100468
[mechanistic 186/2552] 10.1371/journal.pgph.0000438
[mechanistic 187/2552] 10.1371/journal.pone.0277257
[mechanistic 188/2552] 10.31083/j.jin2105144
[mechanistic 189/2552] 10.1186/s12888-022-03838-x
[mechanistic 190/2552] 10.1021/acs.biochem.1c00812
[mechanistic 191/2552] 10.1016/j.neuropharm.2022.109398
[mechanistic 192/2552] 10.1177/02698811221125354
[mechanistic 193/2552] 10.1055/a-1721-2914
[mechanistic 194/2552] 10.1002/jcad.12429
[mechanistic 195/2552] 10.1093/ijnp/pyac074
[mechanistic 196/2552] 10.1038/s41386-022-01297-2
[mechanistic 197/2552] 10.1038/s41586-022-04993-7
[mechanistic 198/2552] 10.3389/fpsyt.2022.875722
[mechanistic 199/2552] 10.3390/ijms23126713
[mechanistic 200/2552] 10.1017/s0033291722002963
[mechanistic 201/2552] 10.1016/j.biopsych.2022.07.013
[mechanistic 202/2552] 10.1101/2022.09.06.22279626
[mechanistic 203/2552] 10.3389/fphar.2022.906639
[mechanistic 204/2552] 10.1038/s41386-022-01324-2
[mechanistic 205/2552] 10.1007/s00213-021-06020-5
[mechanistic 206/2552] 10.1038/s41398-022-02253-w
[mechanistic 207/2552] 10.1002/jnr.25017
[mechanistic 208/2552] 10.1007/s00213-022-06106-8
[mechanistic 209/2552] 10.3389/fnrgo.2021.784576
[mechanistic 210/2552] 10.1038/s41398-022-01943-9
[mechanistic 211/2552] 10.1038/s41591-022-01744-z
[mechanistic 212/2552] 10.1080/15622975.2022.2031287
[mechanistic 213/2552] 10.3389/fpsyt.2022.833259
[mechanistic 214/2552] 10.3389/fpsyg.2022.948729
[mechanistic 215/2552] 10.1038/s41386-022-01479-y
[mechanistic 216/2552] 10.24839/2325-7342.jn27.3.197
[mechanistic 217/2552] 10.1007/s00213-022-06086-9
[mechanistic 218/2552] 10.1007/s00213-022-06118-4
[mechanistic 219/2552] 10.1038/s41398-022-02039-0
[mechanistic 220/2552] 10.1002/hup.2835
[mechanistic 221/2552] 10.1124/pharmrev.121.000508
[mechanistic 222/2552] 10.1177/02698811221092508
[mechanistic 223/2552] 10.1177/24705470221115342
[mechanistic 224/2552] 10.1038/s41386-022-01314-4
[mechanistic 225/2552] 10.1016/j.expneurol.2022.114148
[mechanistic 226/2552] 10.3390/psych4010012
[mechanistic 227/2552] 10.31234/osf.io/ydu3h
[mechanistic 228/2552] 10.1001/jamapsychiatry.2022.2096
[mechanistic 229/2552] 10.1016/j.neubiorev.2022.104793
[mechanistic 230/2552] 10.3389/fnins.2022.837194
[mechanistic 231/2552] 10.1007/s00213-022-06297-0
[mechanistic 232/2552] 10.1038/s41398-022-01846-9
[mechanistic 233/2552] 10.1016/j.neuroimage.2022.119434
[mechanistic 234/2552] 10.1101/2022.02.28.482395
[mechanistic 235/2552] 10.1038/s41598-022-16325-w
[mechanistic 236/2552] 10.1136/bmjopen-2022-066019
[mechanistic 237/2552] 10.3389/fnins.2022.832375
[mechanistic 238/2552] 10.1101/2022.11.15.516655
[mechanistic 239/2552] 10.1016/j.neubiorev.2022.104689
[mechanistic 240/2552] 10.3390/ijms232315284
[mechanistic 241/2552] 10.1523/jneurosci.1121-22.2022
[mechanistic 242/2552] 10.3390/molecules27082520
[mechanistic 243/2552] 10.1038/s41467-022-33578-1
[mechanistic 244/2552] 10.1111/adb.13143
[mechanistic 245/2552] 10.1016/j.jns.2022.120302
[mechanistic 246/2552] 10.1124/pharmrev.121.000514
[mechanistic 247/2552] 10.1101/2022.03.18.484437
[mechanistic 248/2552] 10.1038/s41598-022-08047-w
[mechanistic 249/2552] 10.1056/nejmoa2206443
[mechanistic 250/2552] 10.1021/acschemneuro.2c00461
[mechanistic 251/2552] 10.1021/acsptsci.2c00177
[mechanistic 252/2552] 10.1038/s41386-022-01361-x
[mechanistic 253/2552] 10.1038/s41597-022-01822-4
[mechanistic 254/2552] 10.1111/jnc.15587
[mechanistic 255/2552] 10.1038/s41593-022-01177-4
[mechanistic 256/2552] 10.1016/j.biopsych.2022.10.021
[mechanistic 257/2552] 10.1038/s41386-022-01389-z
[mechanistic 258/2552] 10.3389/fpsyt.2022.863552
[mechanistic 259/2552] 10.1038/s41380-022-01502-0
[mechanistic 260/2552] 10.1038/s41598-022-14165-2
[mechanistic 261/2552] 10.3390/ijms22020835
[mechanistic 262/2552] 10.1038/s41380-021-01183-1
[mechanistic 263/2552] 10.1002/cpt.2487
[mechanistic 264/2552] 10.3389/fpsyt.2021.710338
[mechanistic 265/2552] 10.1038/s41380-021-01159-1
[mechanistic 266/2552] 10.1016/j.bbr.2021.113546
[mechanistic 267/2552] 10.31234/osf.io/q2hzm
[mechanistic 268/2552] 10.3389/fnhum.2021.647513
[mechanistic 269/2552] 10.3389/fpsyt.2021.706017
[mechanistic 270/2552] 10.1093/brain/awab095
[mechanistic 271/2552] 10.21203/rs.3.rs-513323/v1
[mechanistic 272/2552] 10.3389/fpsyt.2021.661233
[mechanistic 273/2552] 10.1007/7854_2021_270
[mechanistic 274/2552] 10.1021/acsptsci.0c00164
[mechanistic 275/2552] 10.1097/jcp.0000000000001396
[mechanistic 276/2552] 10.1007/s00406-021-01267-7
[mechanistic 277/2552] 10.1016/j.pnpbp.2021.110507
[mechanistic 278/2552] 10.1177/26331055211033847
[mechanistic 279/2552] 10.1037/pha0000490
[mechanistic 280/2552] 10.1111/jnc.15509
[mechanistic 281/2552] 10.1002/npr2.12165
[mechanistic 282/2552] 10.1002/da.23238
[mechanistic 283/2552] 10.1073/pnas.2022489118
[mechanistic 284/2552] 10.3389/fphar.2021.739012
[mechanistic 285/2552] 10.1016/j.nlm.2021.107467
[mechanistic 286/2552] 10.1016/j.euroneuro.2021.04.010
[mechanistic 287/2552] 10.3389/fpsyt.2021.671007
[mechanistic 288/2552] 10.1016/j.biopsych.2020.12.022
[mechanistic 289/2552] 10.3390/nu13114158
[mechanistic 290/2552] 10.1038/s41380-021-01246-3
[mechanistic 291/2552] 10.1101/2021.05.14.444193
[mechanistic 292/2552] 10.1038/s41598-021-96736-3
[mechanistic 293/2552] 10.1101/2021.02.04.429772
[mechanistic 294/2552] 10.1177/02698811211026454
[mechanistic 295/2552] 10.1101/2021.01.28.428377
[mechanistic 296/2552] 10.3389/fphar.2021.640241
[mechanistic 297/2552] 10.1007/s00213-021-05991-9
[mechanistic 298/2552] 10.1073/pnas.2020705118
[mechanistic 299/2552] 10.1177/0269881121991569
[mechanistic 300/2552] 10.1111/jnc.15534
[mechanistic 301/2552] 10.1101/2021.11.30.470657
[mechanistic 302/2552] 10.1038/s41380-021-01377-7
[mechanistic 303/2552] 10.1093/brain/awab406
[mechanistic 304/2552] 10.3390/molecules26092451
[mechanistic 305/2552] 10.1016/j.neuropharm.2021.108612
[mechanistic 306/2552] 10.1038/s41398-021-01540-2
[mechanistic 307/2552] 10.3389/fnhum.2021.610466
[mechanistic 308/2552] 10.1038/s41398-021-01255-4
[mechanistic 309/2552] 10.1097/hrp.0000000000000312
[mechanistic 310/2552] 10.1038/s41386-021-01104-4
[mechanistic 311/2552] 10.1016/j.tips.2021.08.003
[mechanistic 312/2552] 10.1038/s41398-021-01430-7
[mechanistic 313/2552] 10.1038/s41380-021-01093-2
[mechanistic 314/2552] 10.1038/s41386-021-01147-7
[mechanistic 315/2552] 10.1007/s00213-021-05762-6
[mechanistic 316/2552] 10.1101/2021.02.16.431276
[mechanistic 317/2552] 10.1038/s41398-021-01603-4
[mechanistic 318/2552] 10.1093/cercor/bhab202
[mechanistic 319/2552] 10.1126/sciadv.abh2399
[mechanistic 320/2552] 10.1038/s41398-021-01706-y
[mechanistic 321/2552] 10.3390/ph14121213
[mechanistic 322/2552] 10.1016/j.euroneuro.2021.06.001
[mechanistic 323/2552] 10.1101/2021.02.03.429325
[mechanistic 324/2552] 10.3389/fpsyt.2021.800072
[mechanistic 325/2552] 10.1007/s11845-021-02668-2
[mechanistic 326/2552] 10.31234/osf.io/64kyg
[mechanistic 327/2552] 10.3389/fpsyt.2021.724606
[mechanistic 328/2552] 10.3389/fpsyt.2021.727117
[mechanistic 329/2552] 10.3389/fpsyg.2021.729425
[mechanistic 330/2552] 10.1021/acschemneuro.1c00371
[mechanistic 331/2552] 10.1007/s00213-021-05913-9
[mechanistic 332/2552] 10.1038/s41398-021-01335-5
[mechanistic 333/2552] 10.3389/fpsyt.2021.735523
[mechanistic 334/2552] 10.3389/fphar.2021.739053
