PROGRESS: sync 100/3344 (3.0%) in_db=0 needs_download=47 needs_manual=53 downloaded_now=0 already_present=0 failures=0 reused=0
PROGRESS: sync 200/3344 (6.0%) in_db=0 needs_download=69 needs_manual=131 downloaded_now=0 already_present=0 failures=0 reused=0
PROGRESS: sync 300/3344 (9.0%) in_db=0 needs_download=103 needs_manual=197 downloaded_now=0 already_present=0 failures=0 reused=0
PROGRESS: sync 400/3344 (12.0%) in_db=0 needs_download=144 needs_manual=256 downloaded_now=0 already_present=0 failures=0 reused=0
PROGRESS: sync 500/3344 (15.0%) in_db=0 needs_download=149 needs_manual=351 downloaded_now=0 already_present=0 failures=0 reused=0
PROGRESS: sync 600/3344 (17.9%) in_db=0 needs_download=165 needs_manual=435 downloaded_now=0 already_present=0 failures=0 reused=0
PROGRESS: sync 700/3344 (20.9%) in_db=0 needs_download=203 needs_manual=497 downloaded_now=0 already_present=0 failures=0 reused=0
PROGRESS: sync 800/3344 (23.9%) in_db=0 needs_download=246 needs_manual=554 downloaded_now=0 already_present=0 failures=0 reused=0
PROGRESS: sync 900/3344 (26.9%) in_db=0 needs_download=288 needs_manual=612 downloaded_now=0 already_present=0 failures=0 reused=0
PROGRESS: sync 1000/3344 (29.9%) in_db=0 needs_download=325 needs_manual=675 downloaded_now=0 already_present=0 failures=0 reused=0
PROGRESS: sync 1100/3344 (32.9%) in_db=0 needs_download=354 needs_manual=746 downloaded_now=0 already_present=0 failures=0 reused=0
PROGRESS: sync 1200/3344 (35.9%) in_db=0 needs_download=381 needs_manual=819 downloaded_now=0 already_present=0 failures=0 reused=0
PROGRESS: sync 1300/3344 (38.9%) in_db=0 needs_download=387 needs_manual=913 downloaded_now=0 already_present=0 failures=0 reused=0
PROGRESS: sync 1400/3344 (41.9%) in_db=0 needs_download=422 needs_manual=978 downloaded_now=0 already_present=0 failures=0 reused=0
PROGRESS: sync 1500/3344 (44.9%) in_db=0 needs_download=485 needs_manual=1015 downloaded_now=0 already_present=0 failures=0 reused=0
PROGRESS: sync 1600/3344 (47.8%) in_db=0 needs_download=560 needs_manual=1040 downloaded_now=0 already_present=0 failures=0 reused=0
PROGRESS: sync 1700/3344 (50.8%) in_db=0 needs_download=655 needs_manual=1045 downloaded_now=0 already_present=0 failures=0 reused=0
PROGRESS: sync 1800/3344 (53.8%) in_db=0 needs_download=753 needs_manual=1047 downloaded_now=0 already_present=0 failures=0 reused=0
PROGRESS: sync 1900/3344 (56.8%) in_db=0 needs_download=817 needs_manual=1083 downloaded_now=0 already_present=0 failures=0 reused=0
PROGRESS: sync 2000/3344 (59.8%) in_db=0 needs_download=885 needs_manual=1115 downloaded_now=0 already_present=0 failures=0 reused=0
PROGRESS: sync 2100/3344 (62.8%) in_db=0 needs_download=916 needs_manual=1184 downloaded_now=0 already_present=0 failures=0 reused=0
PROGRESS: sync 2200/3344 (65.8%) in_db=0 needs_download=1001 needs_manual=1199 downloaded_now=0 already_present=0 failures=0 reused=0
PROGRESS: sync 2300/3344 (68.8%) in_db=0 needs_download=1063 needs_manual=1237 downloaded_now=0 already_present=0 failures=0 reused=0
PROGRESS: sync 2400/3344 (71.8%) in_db=0 needs_download=1122 needs_manual=1278 downloaded_now=0 already_present=0 failures=0 reused=0
PROGRESS: sync 2500/3344 (74.8%) in_db=0 needs_download=1176 needs_manual=1324 downloaded_now=0 already_present=0 failures=0 reused=0
PROGRESS: sync 2600/3344 (77.8%) in_db=0 needs_download=1257 needs_manual=1343 downloaded_now=0 already_present=0 failures=0 reused=0
PROGRESS: sync 2700/3344 (80.7%) in_db=0 needs_download=1352 needs_manual=1348 downloaded_now=0 already_present=0 failures=0 reused=0
PROGRESS: sync 2800/3344 (83.7%) in_db=0 needs_download=1450 needs_manual=1350 downloaded_now=0 already_present=0 failures=0 reused=0
PROGRESS: sync 2900/3344 (86.7%) in_db=0 needs_download=1492 needs_manual=1408 downloaded_now=0 already_present=0 failures=0 reused=0
PROGRESS: sync 3000/3344 (89.7%) in_db=0 needs_download=1579 needs_manual=1421 downloaded_now=0 already_present=0 failures=0 reused=0
PROGRESS: sync 3100/3344 (92.7%) in_db=0 needs_download=1679 needs_manual=1421 downloaded_now=0 already_present=0 failures=0 reused=0
PROGRESS: sync 3200/3344 (95.7%) in_db=0 needs_download=1779 needs_manual=1421 downloaded_now=0 already_present=0 failures=0 reused=0
PROGRESS: sync 3300/3344 (98.7%) in_db=0 needs_download=1869 needs_manual=1431 downloaded_now=0 already_present=0 failures=0 reused=0
PROGRESS: sync 3344/3344 (100.0%) in_db=0 needs_download=1906 needs_manual=1438 downloaded_now=0 already_present=0 failures=0 reused=0
Dataset: mechanistic
DOI queue rows read: 3344
Unique papers: 3344
In database: 1775
Needs download: 7929
Needs manual access: 6635
Downloaded now: 0
Already present: 0
Reused existing/checkpoint: 0
Refreshed missing metadata: 0
Metadata provider successes: {'unpaywall': 3286}
Metadata provider errors: {'unpaywall': 0}
Unpaywall enabled: True
Download failures: 0
Paper DB JSON: /Users/frank/Library/CloudStorage/Dropbox/projects/psychedelics_knowledge_graph/data/processed/paper_library_mechanistic.json
Checkpoint JSON: /Users/frank/Library/CloudStorage/Dropbox/projects/psychedelics_knowledge_graph/data/processed/paper_library_mechanistic.checkpoint.json
Inventory report JSON: /Users/frank/Library/CloudStorage/Dropbox/projects/psychedelics_knowledge_graph/data/processed/paper_inventory_mechanistic.json
Inventory CSV: /Users/frank/Library/CloudStorage/Dropbox/projects/psychedelics_knowledge_graph/data/processed/paper_inventory_mechanistic.csv
Inventory Markdown: /Users/frank/Library/CloudStorage/Dropbox/projects/psychedelics_knowledge_graph/data/processed/paper_inventory_mechanistic.md
