START evidence-domain disorder metadata sync: 2026-05-26T23:10:03Z
PROGRESS: sync 100/2382 (4.2%) in_db=0 needs_download=50 needs_manual=50 downloaded_now=0 already_present=0 failures=0 reused=0
PROGRESS: sync 200/2382 (8.4%) in_db=0 needs_download=89 needs_manual=111 downloaded_now=0 already_present=0 failures=0 reused=0
PROGRESS: sync 300/2382 (12.6%) in_db=0 needs_download=132 needs_manual=168 downloaded_now=0 already_present=0 failures=0 reused=0
PROGRESS: sync 400/2382 (16.8%) in_db=0 needs_download=155 needs_manual=245 downloaded_now=0 already_present=0 failures=0 reused=0
PROGRESS: sync 500/2382 (21.0%) in_db=0 needs_download=208 needs_manual=292 downloaded_now=0 already_present=0 failures=0 reused=0
PROGRESS: sync 600/2382 (25.2%) in_db=0 needs_download=253 needs_manual=347 downloaded_now=0 already_present=0 failures=0 reused=0
PROGRESS: sync 700/2382 (29.4%) in_db=0 needs_download=297 needs_manual=403 downloaded_now=0 already_present=0 failures=0 reused=0
PROGRESS: sync 800/2382 (33.6%) in_db=0 needs_download=336 needs_manual=464 downloaded_now=0 already_present=0 failures=0 reused=0
PROGRESS: sync 900/2382 (37.8%) in_db=0 needs_download=429 needs_manual=471 downloaded_now=0 already_present=0 failures=0 reused=0
PROGRESS: sync 1000/2382 (42.0%) in_db=0 needs_download=472 needs_manual=528 downloaded_now=0 already_present=0 failures=0 reused=0
PROGRESS: sync 1100/2382 (46.2%) in_db=0 needs_download=528 needs_manual=572 downloaded_now=0 already_present=0 failures=0 reused=0
PROGRESS: sync 1200/2382 (50.4%) in_db=0 needs_download=554 needs_manual=646 downloaded_now=0 already_present=0 failures=0 reused=0
PROGRESS: sync 1300/2382 (54.6%) in_db=0 needs_download=607 needs_manual=693 downloaded_now=0 already_present=0 failures=0 reused=0
PROGRESS: sync 1400/2382 (58.8%) in_db=0 needs_download=657 needs_manual=743 downloaded_now=0 already_present=0 failures=0 reused=0
PROGRESS: sync 1500/2382 (63.0%) in_db=0 needs_download=703 needs_manual=797 downloaded_now=0 already_present=0 failures=0 reused=0
PROGRESS: sync 1600/2382 (67.2%) in_db=0 needs_download=788 needs_manual=812 downloaded_now=0 already_present=0 failures=0 reused=0
PROGRESS: sync 1700/2382 (71.4%) in_db=0 needs_download=848 needs_manual=852 downloaded_now=0 already_present=0 failures=0 reused=0
PROGRESS: sync 1800/2382 (75.6%) in_db=0 needs_download=930 needs_manual=870 downloaded_now=0 already_present=0 failures=0 reused=0
PROGRESS: sync 1900/2382 (79.8%) in_db=0 needs_download=1006 needs_manual=894 downloaded_now=0 already_present=0 failures=0 reused=0
PROGRESS: sync 2000/2382 (84.0%) in_db=0 needs_download=1082 needs_manual=918 downloaded_now=0 already_present=0 failures=0 reused=0
PROGRESS: sync 2100/2382 (88.2%) in_db=0 needs_download=1182 needs_manual=918 downloaded_now=0 already_present=0 failures=0 reused=0
PROGRESS: sync 2200/2382 (92.4%) in_db=0 needs_download=1282 needs_manual=918 downloaded_now=0 already_present=0 failures=0 reused=0
PROGRESS: sync 2300/2382 (96.6%) in_db=0 needs_download=1365 needs_manual=935 downloaded_now=0 already_present=0 failures=0 reused=0
PROGRESS: sync 2382/2382 (100.0%) in_db=0 needs_download=1433 needs_manual=949 downloaded_now=0 already_present=0 failures=0 reused=0
Dataset: disorder
DOI queue rows read: 2382
Unique papers: 2382
In database: 3759
Needs download: 15101
Needs manual access: 10404
Downloaded now: 0
Already present: 0
Reused existing/checkpoint: 0
Refreshed missing metadata: 0
Metadata provider successes: {'pubmed': 2215, 'pmc': 883, 'unpaywall': 2131, 'crossref': 269, 'openalex': 222, 'semantic_scholar': 54}
Metadata provider errors: {'pubmed': 0, 'pmc': 155, 'unpaywall': 0, 'crossref': 5, 'openalex': 0, 'semantic_scholar': 44}
Unpaywall enabled: True
Download failures: 0
Paper DB JSON: /Users/frank/Library/CloudStorage/Dropbox/projects/psychedelics_knowledge_graph/data/processed/paper_library_disorder.json
Checkpoint JSON: /Users/frank/Library/CloudStorage/Dropbox/projects/psychedelics_knowledge_graph/data/processed/paper_library_disorder.checkpoint.json
Inventory report JSON: /Users/frank/Library/CloudStorage/Dropbox/projects/psychedelics_knowledge_graph/data/processed/paper_inventory_disorder.json
Inventory CSV: /Users/frank/Library/CloudStorage/Dropbox/projects/psychedelics_knowledge_graph/data/processed/paper_inventory_disorder.csv
Inventory Markdown: /Users/frank/Library/CloudStorage/Dropbox/projects/psychedelics_knowledge_graph/data/processed/paper_inventory_disorder.md
