START metadata sync: 2026-05-26T18:11:57Z
PROGRESS: sync 100/4818 (2.1%) in_db=0 needs_download=87 needs_manual=13 downloaded_now=0 already_present=0 failures=0 reused=0
PROGRESS: sync 200/4818 (4.2%) in_db=0 needs_download=129 needs_manual=71 downloaded_now=0 already_present=0 failures=0 reused=0
PROGRESS: sync 300/4818 (6.2%) in_db=0 needs_download=159 needs_manual=141 downloaded_now=0 already_present=0 failures=0 reused=0
PROGRESS: sync 400/4818 (8.3%) in_db=0 needs_download=218 needs_manual=182 downloaded_now=0 already_present=0 failures=0 reused=0
PROGRESS: sync 500/4818 (10.4%) in_db=0 needs_download=284 needs_manual=216 downloaded_now=0 already_present=0 failures=0 reused=0
PROGRESS: sync 600/4818 (12.5%) in_db=0 needs_download=312 needs_manual=288 downloaded_now=0 already_present=0 failures=0 reused=0
PROGRESS: sync 700/4818 (14.5%) in_db=0 needs_download=340 needs_manual=360 downloaded_now=0 already_present=0 failures=0 reused=0
PROGRESS: sync 800/4818 (16.6%) in_db=0 needs_download=403 needs_manual=397 downloaded_now=0 already_present=0 failures=0 reused=0
PROGRESS: sync 900/4818 (18.7%) in_db=0 needs_download=473 needs_manual=427 downloaded_now=0 already_present=0 failures=0 reused=0
PROGRESS: sync 1000/4818 (20.8%) in_db=0 needs_download=517 needs_manual=483 downloaded_now=0 already_present=0 failures=0 reused=0
PROGRESS: sync 1100/4818 (22.8%) in_db=0 needs_download=570 needs_manual=530 downloaded_now=0 already_present=0 failures=0 reused=0
PROGRESS: sync 1200/4818 (24.9%) in_db=0 needs_download=631 needs_manual=569 downloaded_now=0 already_present=0 failures=0 reused=0
PROGRESS: sync 1300/4818 (27.0%) in_db=0 needs_download=667 needs_manual=633 downloaded_now=0 already_present=0 failures=0 reused=0
PROGRESS: sync 1400/4818 (29.1%) in_db=0 needs_download=694 needs_manual=706 downloaded_now=0 already_present=0 failures=0 reused=0
PROGRESS: sync 1500/4818 (31.1%) in_db=0 needs_download=736 needs_manual=764 downloaded_now=0 already_present=0 failures=0 reused=0
PROGRESS: sync 1600/4818 (33.2%) in_db=0 needs_download=798 needs_manual=802 downloaded_now=0 already_present=0 failures=0 reused=0
PROGRESS: sync 1700/4818 (35.3%) in_db=0 needs_download=844 needs_manual=856 downloaded_now=0 already_present=0 failures=0 reused=0
PROGRESS: sync 1800/4818 (37.4%) in_db=0 needs_download=939 needs_manual=861 downloaded_now=0 already_present=0 failures=0 reused=0
PROGRESS: sync 1900/4818 (39.4%) in_db=0 needs_download=1036 needs_manual=864 downloaded_now=0 already_present=0 failures=0 reused=0
PROGRESS: sync 2000/4818 (41.5%) in_db=0 needs_download=1134 needs_manual=866 downloaded_now=0 already_present=0 failures=0 reused=0
PROGRESS: sync 2100/4818 (43.6%) in_db=0 needs_download=1233 needs_manual=867 downloaded_now=0 already_present=0 failures=0 reused=0
PROGRESS: sync 2200/4818 (45.7%) in_db=0 needs_download=1319 needs_manual=881 downloaded_now=0 already_present=0 failures=0 reused=0
PROGRESS: sync 2300/4818 (47.7%) in_db=0 needs_download=1393 needs_manual=907 downloaded_now=0 already_present=0 failures=0 reused=0
PROGRESS: sync 2400/4818 (49.8%) in_db=0 needs_download=1491 needs_manual=909 downloaded_now=0 already_present=0 failures=0 reused=0
PROGRESS: sync 2500/4818 (51.9%) in_db=0 needs_download=1567 needs_manual=933 downloaded_now=0 already_present=0 failures=0 reused=0
PROGRESS: sync 2600/4818 (54.0%) in_db=0 needs_download=1652 needs_manual=948 downloaded_now=0 already_present=0 failures=0 reused=0
PROGRESS: sync 2700/4818 (56.0%) in_db=0 needs_download=1752 needs_manual=948 downloaded_now=0 already_present=0 failures=0 reused=0
PROGRESS: sync 2800/4818 (58.1%) in_db=0 needs_download=1833 needs_manual=967 downloaded_now=0 already_present=0 failures=0 reused=0
PROGRESS: sync 2900/4818 (60.2%) in_db=0 needs_download=1903 needs_manual=997 downloaded_now=0 already_present=0 failures=0 reused=0
PROGRESS: sync 3000/4818 (62.3%) in_db=0 needs_download=1984 needs_manual=1016 downloaded_now=0 already_present=0 failures=0 reused=0
PROGRESS: sync 3100/4818 (64.3%) in_db=0 needs_download=2057 needs_manual=1043 downloaded_now=0 already_present=0 failures=0 reused=0
PROGRESS: sync 3200/4818 (66.4%) in_db=0 needs_download=2125 needs_manual=1075 downloaded_now=0 already_present=0 failures=0 reused=0
PROGRESS: sync 3300/4818 (68.5%) in_db=0 needs_download=2224 needs_manual=1076 downloaded_now=0 already_present=0 failures=0 reused=0
PROGRESS: sync 3400/4818 (70.6%) in_db=0 needs_download=2307 needs_manual=1093 downloaded_now=0 already_present=0 failures=0 reused=0
PROGRESS: sync 3500/4818 (72.6%) in_db=0 needs_download=2407 needs_manual=1093 downloaded_now=0 already_present=0 failures=0 reused=0
PROGRESS: sync 3600/4818 (74.7%) in_db=0 needs_download=2503 needs_manual=1097 downloaded_now=0 already_present=0 failures=0 reused=0
PROGRESS: sync 3700/4818 (76.8%) in_db=0 needs_download=2603 needs_manual=1097 downloaded_now=0 already_present=0 failures=0 reused=0
PROGRESS: sync 3800/4818 (78.9%) in_db=0 needs_download=2703 needs_manual=1097 downloaded_now=0 already_present=0 failures=0 reused=0
PROGRESS: sync 3900/4818 (80.9%) in_db=0 needs_download=2800 needs_manual=1100 downloaded_now=0 already_present=0 failures=0 reused=0
PROGRESS: sync 4000/4818 (83.0%) in_db=0 needs_download=2886 needs_manual=1114 downloaded_now=0 already_present=0 failures=0 reused=0
PROGRESS: sync 4100/4818 (85.1%) in_db=0 needs_download=2984 needs_manual=1116 downloaded_now=0 already_present=0 failures=0 reused=0
PROGRESS: sync 4200/4818 (87.2%) in_db=0 needs_download=3084 needs_manual=1116 downloaded_now=0 already_present=0 failures=0 reused=0
PROGRESS: sync 4300/4818 (89.2%) in_db=0 needs_download=3184 needs_manual=1116 downloaded_now=0 already_present=0 failures=0 reused=0
PROGRESS: sync 4400/4818 (91.3%) in_db=0 needs_download=3284 needs_manual=1116 downloaded_now=0 already_present=0 failures=0 reused=0
PROGRESS: sync 4500/4818 (93.4%) in_db=0 needs_download=3384 needs_manual=1116 downloaded_now=0 already_present=0 failures=0 reused=0
PROGRESS: sync 4600/4818 (95.5%) in_db=0 needs_download=3484 needs_manual=1116 downloaded_now=0 already_present=0 failures=0 reused=0
PROGRESS: sync 4700/4818 (97.6%) in_db=0 needs_download=3578 needs_manual=1122 downloaded_now=0 already_present=0 failures=0 reused=0
PROGRESS: sync 4800/4818 (99.6%) in_db=0 needs_download=3672 needs_manual=1128 downloaded_now=0 already_present=0 failures=0 reused=0
PROGRESS: sync 4818/4818 (100.0%) in_db=0 needs_download=3690 needs_manual=1128 downloaded_now=0 already_present=0 failures=0 reused=0
Dataset: mechanistic
DOI queue rows read: 4818
Unique papers: 4818
In database: 2203
Needs download: 12570
Needs manual access: 8886
Downloaded now: 0
Already present: 0
Reused existing/checkpoint: 0
Refreshed missing metadata: 0
Metadata provider successes: {'pubmed': 4140, 'pmc': 2003, 'unpaywall': 4438, 'crossref': 720, 'openalex': 468, 'semantic_scholar': 85}
Metadata provider errors: {'pubmed': 1, 'pmc': 614, 'unpaywall': 0, 'crossref': 60, 'openalex': 2, 'semantic_scholar': 88}
Unpaywall enabled: True
Download failures: 0
Paper DB JSON: /Users/frank/Library/CloudStorage/Dropbox/projects/psychedelics_knowledge_graph/data/processed/paper_library_mechanistic.json
Checkpoint JSON: /Users/frank/Library/CloudStorage/Dropbox/projects/psychedelics_knowledge_graph/data/processed/paper_library_mechanistic.checkpoint.json
Inventory report JSON: /Users/frank/Library/CloudStorage/Dropbox/projects/psychedelics_knowledge_graph/data/processed/paper_inventory_mechanistic.json
Inventory CSV: /Users/frank/Library/CloudStorage/Dropbox/projects/psychedelics_knowledge_graph/data/processed/paper_inventory_mechanistic.csv
Inventory Markdown: /Users/frank/Library/CloudStorage/Dropbox/projects/psychedelics_knowledge_graph/data/processed/paper_inventory_mechanistic.md
