WAIT evidence-domain mechanistic metadata sync: 2026-05-26T23:10:03Z
Waiting for systems-neuroscience mechanistic metadata sync to finish: 2026-05-26T23:10:03Z
Waiting for systems-neuroscience mechanistic metadata sync to finish: 2026-05-26T23:11:03Z
START evidence-domain mechanistic metadata sync: 2026-05-26T23:12:04Z
PROGRESS: sync 100/2956 (3.4%) in_db=0 needs_download=64 needs_manual=36 downloaded_now=0 already_present=0 failures=0 reused=13
PROGRESS: sync 200/2956 (6.8%) in_db=0 needs_download=104 needs_manual=96 downloaded_now=0 already_present=0 failures=0 reused=17
PROGRESS: sync 300/2956 (10.1%) in_db=0 needs_download=140 needs_manual=160 downloaded_now=0 already_present=0 failures=0 reused=43
Traceback (most recent call last):
  File "/Users/frank/Library/CloudStorage/Dropbox/projects/psychedelics_knowledge_graph/pipeline/ingest/sync_paper_library.py", line 3005, in <module>
    sys.exit(main())
             ~~~~^^
  File "/Users/frank/Library/CloudStorage/Dropbox/projects/psychedelics_knowledge_graph/pipeline/ingest/sync_paper_library.py", line 2671, in main
    metadata, provider_errors, providers_queried = fetch_metadata_with_fallbacks(
                                                   ~~~~~~~~~~~~~~~~~~~~~~~~~~~~~^
        doi=doi,
        ^^^^^^^^
    ...<10 lines>...
        initial_metadata=None,
        ^^^^^^^^^^^^^^^^^^^^^^
    )
    ^
  File "/Users/frank/Library/CloudStorage/Dropbox/projects/psychedelics_knowledge_graph/pipeline/ingest/sync_paper_library.py", line 2036, in fetch_metadata_with_fallbacks
    current = lookup_pubmed_metadata(
        clients[provider],
    ...<3 lines>...
        paper=paper,
    )
  File "/Users/frank/Library/CloudStorage/Dropbox/projects/psychedelics_knowledge_graph/pipeline/ingest/sync_paper_library.py", line 1054, in lookup_pubmed_metadata
    raw = client.get_bytes(
        f"{base}/efetch.fcgi?"
    ...<8 lines>...
        headers={},
    )
  File "/Users/frank/Library/CloudStorage/Dropbox/projects/psychedelics_knowledge_graph/pipeline/ingest/sync_paper_library.py", line 214, in get_bytes
    return self._request_bytes(url=url, headers=headers)
           ~~~~~~~~~~~~~~~~~~~^^^^^^^^^^^^^^^^^^^^^^^^^^
  File "/Users/frank/Library/CloudStorage/Dropbox/projects/psychedelics_knowledge_graph/pipeline/ingest/sync_paper_library.py", line 205, in _request_bytes
    with urlopen(req, timeout=self.timeout_sec) as response:
         ~~~~~~~^^^^^^^^^^^^^^^^^^^^^^^^^^^^^^^
  File "/opt/homebrew/Caskroom/miniconda/base/lib/python3.13/urllib/request.py", line 189, in urlopen
    return opener.open(url, data, timeout)
           ~~~~~~~~~~~^^^^^^^^^^^^^^^^^^^^
  File "/opt/homebrew/Caskroom/miniconda/base/lib/python3.13/urllib/request.py", line 489, in open
    response = self._open(req, data)
  File "/opt/homebrew/Caskroom/miniconda/base/lib/python3.13/urllib/request.py", line 506, in _open
    result = self._call_chain(self.handle_open, protocol, protocol +
                              '_open', req)
  File "/opt/homebrew/Caskroom/miniconda/base/lib/python3.13/urllib/request.py", line 466, in _call_chain
    result = func(*args)
  File "/opt/homebrew/Caskroom/miniconda/base/lib/python3.13/urllib/request.py", line 1367, in https_open
    return self.do_open(http.client.HTTPSConnection, req,
           ~~~~~~~~~~~~^^^^^^^^^^^^^^^^^^^^^^^^^^^^^^^^^^
                        context=self._context)
                        ^^^^^^^^^^^^^^^^^^^^^^
  File "/opt/homebrew/Caskroom/miniconda/base/lib/python3.13/urllib/request.py", line 1323, in do_open
    r = h.getresponse()
  File "/opt/homebrew/Caskroom/miniconda/base/lib/python3.13/http/client.py", line 1450, in getresponse
    response.begin()
    ~~~~~~~~~~~~~~^^
  File "/opt/homebrew/Caskroom/miniconda/base/lib/python3.13/http/client.py", line 336, in begin
    version, status, reason = self._read_status()
                              ~~~~~~~~~~~~~~~~~^^
  File "/opt/homebrew/Caskroom/miniconda/base/lib/python3.13/http/client.py", line 297, in _read_status
    line = str(self.fp.readline(_MAXLINE + 1), "iso-8859-1")
               ~~~~~~~~~~~~~~~~^^^^^^^^^^^^^^
  File "/opt/homebrew/Caskroom/miniconda/base/lib/python3.13/socket.py", line 719, in readinto
    return self._sock.recv_into(b)
           ~~~~~~~~~~~~~~~~~~~~^^^
  File "/opt/homebrew/Caskroom/miniconda/base/lib/python3.13/ssl.py", line 1304, in recv_into
    return self.read(nbytes, buffer)
           ~~~~~~~~~^^^^^^^^^^^^^^^^
  File "/opt/homebrew/Caskroom/miniconda/base/lib/python3.13/ssl.py", line 1138, in read
    return self._sslobj.read(len, buffer)
           ~~~~~~~~~~~~~~~~~^^^^^^^^^^^^^
KeyboardInterrupt
REQUEUED evidence-domain mechanistic metadata sync after disorder sync: 2026-05-26T23:27:03Z
Waiting for disorder evidence-domain metadata sync to finish: 2026-05-26T23:27:03Z
REQUEUED evidence-domain mechanistic metadata sync after disorder PID 41265: 2026-05-26T23:27:31Z
Waiting for disorder evidence-domain metadata sync PID 41265: 2026-05-26T23:27:31Z
Waiting for disorder evidence-domain metadata sync PID 41265: 2026-05-26T23:28:31Z
Waiting for disorder evidence-domain metadata sync PID 41265: 2026-05-26T23:29:31Z
Waiting for disorder evidence-domain metadata sync PID 41265: 2026-05-26T23:30:31Z
Waiting for disorder evidence-domain metadata sync PID 41265: 2026-05-26T23:31:31Z
Waiting for disorder evidence-domain metadata sync PID 41265: 2026-05-26T23:32:31Z
Waiting for disorder evidence-domain metadata sync PID 41265: 2026-05-26T23:33:31Z
Waiting for disorder evidence-domain metadata sync PID 41265: 2026-05-26T23:34:31Z
Waiting for disorder evidence-domain metadata sync PID 41265: 2026-05-26T23:35:31Z
Waiting for disorder evidence-domain metadata sync PID 41265: 2026-05-26T23:36:31Z
Waiting for disorder evidence-domain metadata sync PID 41265: 2026-05-26T23:37:31Z
Waiting for disorder evidence-domain metadata sync PID 41265: 2026-05-26T23:38:31Z
Waiting for disorder evidence-domain metadata sync PID 41265: 2026-05-26T23:39:31Z
Waiting for disorder evidence-domain metadata sync PID 41265: 2026-05-26T23:40:31Z
Waiting for disorder evidence-domain metadata sync PID 41265: 2026-05-26T23:41:31Z
Waiting for disorder evidence-domain metadata sync PID 41265: 2026-05-26T23:42:31Z
Waiting for disorder evidence-domain metadata sync PID 41265: 2026-05-26T23:43:31Z
Waiting for disorder evidence-domain metadata sync PID 41265: 2026-05-26T23:44:31Z
Waiting for disorder evidence-domain metadata sync PID 41265: 2026-05-26T23:45:31Z
Waiting for disorder evidence-domain metadata sync PID 41265: 2026-05-26T23:46:31Z
Waiting for disorder evidence-domain metadata sync PID 41265: 2026-05-26T23:47:31Z
Waiting for disorder evidence-domain metadata sync PID 41265: 2026-05-26T23:48:31Z
Waiting for disorder evidence-domain metadata sync PID 41265: 2026-05-26T23:49:31Z
Waiting for disorder evidence-domain metadata sync PID 41265: 2026-05-26T23:50:31Z
Waiting for disorder evidence-domain metadata sync PID 41265: 2026-05-26T23:51:31Z
Waiting for disorder evidence-domain metadata sync PID 41265: 2026-05-26T23:52:31Z
Waiting for disorder evidence-domain metadata sync PID 41265: 2026-05-26T23:53:31Z
Waiting for disorder evidence-domain metadata sync PID 41265: 2026-05-26T23:54:31Z
Waiting for disorder evidence-domain metadata sync PID 41265: 2026-05-26T23:55:31Z
Waiting for disorder evidence-domain metadata sync PID 41265: 2026-05-26T23:56:31Z
Waiting for disorder evidence-domain metadata sync PID 41265: 2026-05-26T23:57:31Z
Waiting for disorder evidence-domain metadata sync PID 41265: 2026-05-26T23:58:31Z
Waiting for disorder evidence-domain metadata sync PID 41265: 2026-05-26T23:59:31Z
Waiting for disorder evidence-domain metadata sync PID 41265: 2026-05-27T00:00:31Z
Waiting for disorder evidence-domain metadata sync PID 41265: 2026-05-27T00:01:32Z
Waiting for disorder evidence-domain metadata sync PID 41265: 2026-05-27T00:02:32Z
Waiting for disorder evidence-domain metadata sync PID 41265: 2026-05-27T00:03:32Z
Waiting for disorder evidence-domain metadata sync PID 41265: 2026-05-27T00:04:32Z
Waiting for disorder evidence-domain metadata sync PID 41265: 2026-05-27T00:05:32Z
Waiting for disorder evidence-domain metadata sync PID 41265: 2026-05-27T00:06:32Z
Waiting for disorder evidence-domain metadata sync PID 41265: 2026-05-27T00:07:32Z
Waiting for disorder evidence-domain metadata sync PID 41265: 2026-05-27T00:08:32Z
Waiting for disorder evidence-domain metadata sync PID 41265: 2026-05-27T00:09:32Z
Waiting for disorder evidence-domain metadata sync PID 41265: 2026-05-27T00:10:32Z
Waiting for disorder evidence-domain metadata sync PID 41265: 2026-05-27T00:11:32Z
Waiting for disorder evidence-domain metadata sync PID 41265: 2026-05-27T00:12:32Z
Waiting for disorder evidence-domain metadata sync PID 41265: 2026-05-27T00:13:32Z
Waiting for disorder evidence-domain metadata sync PID 41265: 2026-05-27T00:14:32Z
Waiting for disorder evidence-domain metadata sync PID 41265: 2026-05-27T00:15:32Z
Waiting for disorder evidence-domain metadata sync PID 41265: 2026-05-27T00:16:32Z
Waiting for disorder evidence-domain metadata sync PID 41265: 2026-05-27T00:17:32Z
Waiting for disorder evidence-domain metadata sync PID 41265: 2026-05-27T00:18:32Z
Waiting for disorder evidence-domain metadata sync PID 41265: 2026-05-27T00:19:32Z
Waiting for disorder evidence-domain metadata sync PID 41265: 2026-05-27T00:20:32Z
Waiting for disorder evidence-domain metadata sync PID 41265: 2026-05-27T00:21:32Z
Waiting for disorder evidence-domain metadata sync PID 41265: 2026-05-27T00:22:32Z
Waiting for disorder evidence-domain metadata sync PID 41265: 2026-05-27T00:23:32Z
Waiting for disorder evidence-domain metadata sync PID 41265: 2026-05-27T00:24:32Z
Waiting for disorder evidence-domain metadata sync PID 41265: 2026-05-27T00:25:32Z
Waiting for disorder evidence-domain metadata sync PID 41265: 2026-05-27T00:26:32Z
Waiting for disorder evidence-domain metadata sync PID 41265: 2026-05-27T00:27:32Z
Waiting for disorder evidence-domain metadata sync PID 41265: 2026-05-27T00:28:32Z
Waiting for disorder evidence-domain metadata sync PID 41265: 2026-05-27T00:29:32Z
Waiting for disorder evidence-domain metadata sync PID 41265: 2026-05-27T00:30:32Z
Waiting for disorder evidence-domain metadata sync PID 41265: 2026-05-27T00:31:32Z
Waiting for disorder evidence-domain metadata sync PID 41265: 2026-05-27T00:32:32Z
Waiting for disorder evidence-domain metadata sync PID 41265: 2026-05-27T00:33:32Z
Waiting for disorder evidence-domain metadata sync PID 41265: 2026-05-27T00:34:32Z
Waiting for disorder evidence-domain metadata sync PID 41265: 2026-05-27T00:35:32Z
Waiting for disorder evidence-domain metadata sync PID 41265: 2026-05-27T00:36:32Z
Waiting for disorder evidence-domain metadata sync PID 41265: 2026-05-27T00:37:32Z
Waiting for disorder evidence-domain metadata sync PID 41265: 2026-05-27T00:38:32Z
Waiting for disorder evidence-domain metadata sync PID 41265: 2026-05-27T00:39:32Z
Waiting for disorder evidence-domain metadata sync PID 41265: 2026-05-27T00:40:32Z
Waiting for disorder evidence-domain metadata sync PID 41265: 2026-05-27T00:41:32Z
Waiting for disorder evidence-domain metadata sync PID 41265: 2026-05-27T00:42:32Z
Waiting for disorder evidence-domain metadata sync PID 41265: 2026-05-27T00:43:32Z
Waiting for disorder evidence-domain metadata sync PID 41265: 2026-05-27T00:44:32Z
Waiting for disorder evidence-domain metadata sync PID 41265: 2026-05-27T00:45:32Z
Waiting for disorder evidence-domain metadata sync PID 41265: 2026-05-27T00:46:32Z
Waiting for disorder evidence-domain metadata sync PID 41265: 2026-05-27T00:47:32Z
Waiting for disorder evidence-domain metadata sync PID 41265: 2026-05-27T00:48:32Z
Waiting for disorder evidence-domain metadata sync PID 41265: 2026-05-27T00:49:32Z
Waiting for disorder evidence-domain metadata sync PID 41265: 2026-05-27T00:50:32Z
Waiting for disorder evidence-domain metadata sync PID 41265: 2026-05-27T00:51:32Z
Waiting for disorder evidence-domain metadata sync PID 41265: 2026-05-27T00:52:32Z
Waiting for disorder evidence-domain metadata sync PID 41265: 2026-05-27T00:53:32Z
Waiting for disorder evidence-domain metadata sync PID 41265: 2026-05-27T00:54:33Z
Waiting for disorder evidence-domain metadata sync PID 41265: 2026-05-27T00:55:33Z
Waiting for disorder evidence-domain metadata sync PID 41265: 2026-05-27T00:56:33Z
Waiting for disorder evidence-domain metadata sync PID 41265: 2026-05-27T00:57:33Z
Waiting for disorder evidence-domain metadata sync PID 41265: 2026-05-27T00:58:33Z
Waiting for disorder evidence-domain metadata sync PID 41265: 2026-05-27T00:59:33Z
Waiting for disorder evidence-domain metadata sync PID 41265: 2026-05-27T01:00:33Z
Waiting for disorder evidence-domain metadata sync PID 41265: 2026-05-27T01:01:33Z
Waiting for disorder evidence-domain metadata sync PID 41265: 2026-05-27T01:02:33Z
Waiting for disorder evidence-domain metadata sync PID 41265: 2026-05-27T01:03:33Z
Waiting for disorder evidence-domain metadata sync PID 41265: 2026-05-27T01:04:33Z
Waiting for disorder evidence-domain metadata sync PID 41265: 2026-05-27T01:05:33Z
Waiting for disorder evidence-domain metadata sync PID 41265: 2026-05-27T01:06:33Z
Waiting for disorder evidence-domain metadata sync PID 41265: 2026-05-27T01:07:33Z
Waiting for disorder evidence-domain metadata sync PID 41265: 2026-05-27T01:08:33Z
Waiting for disorder evidence-domain metadata sync PID 41265: 2026-05-27T01:09:33Z
Waiting for disorder evidence-domain metadata sync PID 41265: 2026-05-27T01:10:33Z
Waiting for disorder evidence-domain metadata sync PID 41265: 2026-05-27T01:11:33Z
Waiting for disorder evidence-domain metadata sync PID 41265: 2026-05-27T01:12:33Z
Waiting for disorder evidence-domain metadata sync PID 41265: 2026-05-27T01:13:33Z
Waiting for disorder evidence-domain metadata sync PID 41265: 2026-05-27T01:14:33Z
Waiting for disorder evidence-domain metadata sync PID 41265: 2026-05-27T01:15:33Z
Waiting for disorder evidence-domain metadata sync PID 41265: 2026-05-27T01:16:33Z
Waiting for disorder evidence-domain metadata sync PID 41265: 2026-05-27T01:17:33Z
Waiting for disorder evidence-domain metadata sync PID 41265: 2026-05-27T01:18:33Z
Waiting for disorder evidence-domain metadata sync PID 41265: 2026-05-27T01:19:33Z
Waiting for disorder evidence-domain metadata sync PID 41265: 2026-05-27T01:20:33Z
Waiting for disorder evidence-domain metadata sync PID 41265: 2026-05-27T01:21:33Z
Waiting for disorder evidence-domain metadata sync PID 41265: 2026-05-27T01:22:33Z
Waiting for disorder evidence-domain metadata sync PID 41265: 2026-05-27T01:23:33Z
Waiting for disorder evidence-domain metadata sync PID 41265: 2026-05-27T01:24:33Z
Waiting for disorder evidence-domain metadata sync PID 41265: 2026-05-27T01:25:33Z
Waiting for disorder evidence-domain metadata sync PID 41265: 2026-05-27T01:26:33Z
Waiting for disorder evidence-domain metadata sync PID 41265: 2026-05-27T01:27:33Z
Waiting for disorder evidence-domain metadata sync PID 41265: 2026-05-27T01:28:33Z
RESTART evidence-domain mechanistic metadata sync: 2026-05-27T01:29:33Z
PROGRESS: sync 100/2956 (3.4%) in_db=0 needs_download=64 needs_manual=36 downloaded_now=0 already_present=0 failures=0 reused=100
PROGRESS: sync 200/2956 (6.8%) in_db=0 needs_download=104 needs_manual=96 downloaded_now=0 already_present=0 failures=0 reused=200
PROGRESS: sync 300/2956 (10.1%) in_db=0 needs_download=140 needs_manual=160 downloaded_now=0 already_present=0 failures=0 reused=300
PROGRESS: sync 400/2956 (13.5%) in_db=0 needs_download=177 needs_manual=223 downloaded_now=0 already_present=0 failures=0 reused=317
PROGRESS: sync 500/2956 (16.9%) in_db=0 needs_download=213 needs_manual=287 downloaded_now=0 already_present=0 failures=0 reused=356
PROGRESS: sync 600/2956 (20.3%) in_db=0 needs_download=276 needs_manual=324 downloaded_now=0 already_present=0 failures=0 reused=382
PROGRESS: sync 700/2956 (23.7%) in_db=0 needs_download=309 needs_manual=391 downloaded_now=0 already_present=0 failures=0 reused=408
PROGRESS: sync 800/2956 (27.1%) in_db=0 needs_download=351 needs_manual=449 downloaded_now=0 already_present=0 failures=0 reused=445
PROGRESS: sync 900/2956 (30.4%) in_db=0 needs_download=383 needs_manual=517 downloaded_now=0 already_present=0 failures=0 reused=487
PROGRESS: sync 1000/2956 (33.8%) in_db=0 needs_download=414 needs_manual=586 downloaded_now=0 already_present=0 failures=0 reused=504
PROGRESS: sync 1100/2956 (37.2%) in_db=0 needs_download=486 needs_manual=614 downloaded_now=0 already_present=0 failures=0 reused=515
PROGRESS: sync 1200/2956 (40.6%) in_db=0 needs_download=582 needs_manual=618 downloaded_now=0 already_present=0 failures=0 reused=552
PROGRESS: sync 1300/2956 (44.0%) in_db=0 needs_download=677 needs_manual=623 downloaded_now=0 already_present=0 failures=0 reused=574
PROGRESS: sync 1400/2956 (47.4%) in_db=0 needs_download=751 needs_manual=649 downloaded_now=0 already_present=0 failures=0 reused=579
PROGRESS: sync 1500/2956 (50.7%) in_db=0 needs_download=842 needs_manual=658 downloaded_now=0 already_present=0 failures=0 reused=583
PROGRESS: sync 1600/2956 (54.1%) in_db=0 needs_download=908 needs_manual=692 downloaded_now=0 already_present=0 failures=0 reused=606
PROGRESS: sync 1700/2956 (57.5%) in_db=0 needs_download=988 needs_manual=712 downloaded_now=0 already_present=0 failures=0 reused=623
PROGRESS: sync 1800/2956 (60.9%) in_db=0 needs_download=1050 needs_manual=750 downloaded_now=0 already_present=0 failures=0 reused=640
PROGRESS: sync 1900/2956 (64.3%) in_db=0 needs_download=1133 needs_manual=767 downloaded_now=0 already_present=0 failures=0 reused=644
PROGRESS: sync 2000/2956 (67.7%) in_db=0 needs_download=1211 needs_manual=789 downloaded_now=0 already_present=0 failures=0 reused=656
PROGRESS: sync 2100/2956 (71.0%) in_db=0 needs_download=1289 needs_manual=811 downloaded_now=0 already_present=0 failures=0 reused=666
PROGRESS: sync 2200/2956 (74.4%) in_db=0 needs_download=1388 needs_manual=812 downloaded_now=0 already_present=0 failures=0 reused=673
PROGRESS: sync 2300/2956 (77.8%) in_db=0 needs_download=1485 needs_manual=815 downloaded_now=0 already_present=0 failures=0 reused=690
PROGRESS: sync 2400/2956 (81.2%) in_db=0 needs_download=1567 needs_manual=833 downloaded_now=0 already_present=0 failures=0 reused=704
PROGRESS: sync 2500/2956 (84.6%) in_db=0 needs_download=1652 needs_manual=848 downloaded_now=0 already_present=0 failures=0 reused=707
PROGRESS: sync 2600/2956 (88.0%) in_db=0 needs_download=1752 needs_manual=848 downloaded_now=0 already_present=0 failures=0 reused=731
PROGRESS: sync 2700/2956 (91.3%) in_db=0 needs_download=1852 needs_manual=848 downloaded_now=0 already_present=0 failures=0 reused=750
PROGRESS: sync 2800/2956 (94.7%) in_db=0 needs_download=1952 needs_manual=848 downloaded_now=0 already_present=0 failures=0 reused=770
PROGRESS: sync 2900/2956 (98.1%) in_db=0 needs_download=2039 needs_manual=861 downloaded_now=0 already_present=0 failures=0 reused=775
PROGRESS: sync 2956/2956 (100.0%) in_db=0 needs_download=2092 needs_manual=864 downloaded_now=0 already_present=0 failures=0 reused=779
Dataset: mechanistic
DOI queue rows read: 2956
Unique papers: 2956
In database: 2203
Needs download: 14311
Needs manual access: 9579
Downloaded now: 0
Already present: 0
Reused existing/checkpoint: 779
Refreshed missing metadata: 0
Metadata provider successes: {'pubmed': 2050, 'pmc': 1098, 'unpaywall': 1977, 'crossref': 189, 'openalex': 165, 'semantic_scholar': 46}
Metadata provider errors: {'pubmed': 0, 'pmc': 232, 'unpaywall': 0, 'crossref': 6, 'openalex': 1, 'semantic_scholar': 27}
Unpaywall enabled: True
Download failures: 0
Paper DB JSON: /Users/frank/Library/CloudStorage/Dropbox/projects/psychedelics_knowledge_graph/data/processed/paper_library_mechanistic.json
Checkpoint JSON: /Users/frank/Library/CloudStorage/Dropbox/projects/psychedelics_knowledge_graph/data/processed/paper_library_mechanistic.checkpoint.json
Inventory report JSON: /Users/frank/Library/CloudStorage/Dropbox/projects/psychedelics_knowledge_graph/data/processed/paper_inventory_mechanistic.json
Inventory CSV: /Users/frank/Library/CloudStorage/Dropbox/projects/psychedelics_knowledge_graph/data/processed/paper_inventory_mechanistic.csv
Inventory Markdown: /Users/frank/Library/CloudStorage/Dropbox/projects/psychedelics_knowledge_graph/data/processed/paper_inventory_mechanistic.md
