PROGRESS: sync 25/126 (19.8%) in_db=6 needs_download=4 needs_manual=15 downloaded_now=6 already_present=0 failures=3 reused=24
PROGRESS: sync 50/126 (39.7%) in_db=7 needs_download=9 needs_manual=34 downloaded_now=7 already_present=0 failures=3 reused=44
PROGRESS: sync 75/126 (59.5%) in_db=10 needs_download=12 needs_manual=53 downloaded_now=10 already_present=0 failures=5 reused=68
PROGRESS: sync 100/126 (79.4%) in_db=16 needs_download=14 needs_manual=70 downloaded_now=16 already_present=0 failures=6 reused=92
PROGRESS: sync 125/126 (99.2%) in_db=25 needs_download=17 needs_manual=83 downloaded_now=25 already_present=0 failures=7 reused=115
PROGRESS: sync 126/126 (100.0%) in_db=26 needs_download=17 needs_manual=83 downloaded_now=26 already_present=0 failures=7 reused=116
Dataset: disorder
DOI queue rows read: 175
Unique papers: 126
In database: 3753
Needs download: 13674
Needs manual access: 9455
Downloaded now: 26
Already present: 0
Reused existing/checkpoint: 116
Refreshed missing metadata: 0
Metadata provider successes: {'pubmed': 10, 'pmc': 1, 'unpaywall': 10, 'crossref': 0, 'openalex': 0, 'semantic_scholar': 0}
Metadata provider errors: {'pubmed': 0, 'pmc': 0, 'unpaywall': 0, 'crossref': 0, 'openalex': 0, 'semantic_scholar': 0}
Unpaywall enabled: True
Download failures: 7
Paper DB JSON: /Users/frank/Library/CloudStorage/Dropbox/projects/psychedelics_knowledge_graph/data/processed/paper_library_disorder.json
Checkpoint JSON: /Users/frank/Library/CloudStorage/Dropbox/projects/psychedelics_knowledge_graph/data/processed/paper_library_disorder.checkpoint.json
Inventory report JSON: /Users/frank/Library/CloudStorage/Dropbox/projects/psychedelics_knowledge_graph/data/processed/paper_inventory_disorder.json
Inventory CSV: /Users/frank/Library/CloudStorage/Dropbox/projects/psychedelics_knowledge_graph/data/processed/paper_inventory_disorder.csv
Inventory Markdown: /Users/frank/Library/CloudStorage/Dropbox/projects/psychedelics_knowledge_graph/data/processed/paper_inventory_disorder.md
