PROGRESS: sync 25/1355 (1.8%) in_db=7 needs_download=8 needs_manual=10 downloaded_now=7 already_present=0 failures=6 reused=23
PROGRESS: sync 50/1355 (3.7%) in_db=12 needs_download=16 needs_manual=22 downloaded_now=12 already_present=0 failures=14 reused=48
PROGRESS: sync 75/1355 (5.5%) in_db=18 needs_download=17 needs_manual=40 downloaded_now=18 already_present=0 failures=15 reused=73
PROGRESS: sync 100/1355 (7.4%) in_db=19 needs_download=20 needs_manual=61 downloaded_now=19 already_present=0 failures=17 reused=97
PROGRESS: sync 125/1355 (9.2%) in_db=24 needs_download=21 needs_manual=80 downloaded_now=24 already_present=0 failures=18 reused=122
PROGRESS: sync 150/1355 (11.1%) in_db=33 needs_download=22 needs_manual=95 downloaded_now=33 already_present=0 failures=18 reused=146
PROGRESS: sync 175/1355 (12.9%) in_db=35 needs_download=26 needs_manual=114 downloaded_now=35 already_present=0 failures=21 reused=170
PROGRESS: sync 200/1355 (14.8%) in_db=35 needs_download=33 needs_manual=132 downloaded_now=35 already_present=0 failures=25 reused=192
PROGRESS: sync 225/1355 (16.6%) in_db=39 needs_download=40 needs_manual=146 downloaded_now=39 already_present=0 failures=31 reused=216
PROGRESS: sync 250/1355 (18.5%) in_db=40 needs_download=47 needs_manual=163 downloaded_now=40 already_present=0 failures=34 reused=237
PROGRESS: sync 275/1355 (20.3%) in_db=43 needs_download=51 needs_manual=181 downloaded_now=43 already_present=0 failures=35 reused=259
PROGRESS: sync 300/1355 (22.1%) in_db=43 needs_download=52 needs_manual=205 downloaded_now=43 already_present=0 failures=35 reused=283
PROGRESS: sync 325/1355 (24.0%) in_db=43 needs_download=62 needs_manual=220 downloaded_now=43 already_present=0 failures=35 reused=298
PROGRESS: sync 350/1355 (25.8%) in_db=43 needs_download=71 needs_manual=236 downloaded_now=43 already_present=0 failures=41 reused=320
PROGRESS: sync 375/1355 (27.7%) in_db=45 needs_download=76 needs_manual=254 downloaded_now=45 already_present=0 failures=43 reused=342
PROGRESS: sync 400/1355 (29.5%) in_db=45 needs_download=84 needs_manual=271 downloaded_now=45 already_present=0 failures=46 reused=362
PROGRESS: sync 425/1355 (31.4%) in_db=48 needs_download=93 needs_manual=284 downloaded_now=48 already_present=0 failures=50 reused=382
PROGRESS: sync 450/1355 (33.2%) in_db=50 needs_download=100 needs_manual=300 downloaded_now=50 already_present=0 failures=51 reused=401
PROGRESS: sync 475/1355 (35.1%) in_db=50 needs_download=109 needs_manual=316 downloaded_now=50 already_present=0 failures=53 reused=419
PROGRESS: sync 500/1355 (36.9%) in_db=53 needs_download=112 needs_manual=335 downloaded_now=53 already_present=0 failures=55 reused=443
PROGRESS: sync 525/1355 (38.7%) in_db=57 needs_download=117 needs_manual=351 downloaded_now=57 already_present=0 failures=59 reused=467
PROGRESS: sync 550/1355 (40.6%) in_db=62 needs_download=123 needs_manual=365 downloaded_now=62 already_present=0 failures=65 reused=492
PROGRESS: sync 575/1355 (42.4%) in_db=76 needs_download=130 needs_manual=369 downloaded_now=76 already_present=0 failures=71 reused=516
PROGRESS: sync 600/1355 (44.3%) in_db=87 needs_download=134 needs_manual=379 downloaded_now=87 already_present=0 failures=75 reused=541
PROGRESS: sync 625/1355 (46.1%) in_db=88 needs_download=136 needs_manual=401 downloaded_now=88 already_present=0 failures=76 reused=565
PROGRESS: sync 650/1355 (48.0%) in_db=89 needs_download=142 needs_manual=419 downloaded_now=89 already_present=0 failures=79 reused=587
PROGRESS: sync 675/1355 (49.8%) in_db=89 needs_download=149 needs_manual=437 downloaded_now=89 already_present=0 failures=83 reused=609
PROGRESS: sync 700/1355 (51.7%) in_db=96 needs_download=154 needs_manual=450 downloaded_now=96 already_present=0 failures=85 reused=631
PROGRESS: sync 725/1355 (53.5%) in_db=98 needs_download=164 needs_manual=463 downloaded_now=98 already_present=0 failures=92 reused=653
PROGRESS: sync 750/1355 (55.4%) in_db=98 needs_download=167 needs_manual=485 downloaded_now=98 already_present=0 failures=94 reused=677
PROGRESS: sync 775/1355 (57.2%) in_db=98 needs_download=175 needs_manual=502 downloaded_now=98 already_present=0 failures=99 reused=699
PROGRESS: sync 800/1355 (59.0%) in_db=102 needs_download=181 needs_manual=517 downloaded_now=102 already_present=0 failures=102 reused=721
PROGRESS: sync 825/1355 (60.9%) in_db=109 needs_download=196 needs_manual=520 downloaded_now=109 already_present=0 failures=116 reused=745
PROGRESS: sync 850/1355 (62.7%) in_db=112 needs_download=207 needs_manual=531 downloaded_now=112 already_present=0 failures=124 reused=767
PROGRESS: sync 875/1355 (64.6%) in_db=118 needs_download=207 needs_manual=550 downloaded_now=118 already_present=0 failures=124 reused=792
PROGRESS: sync 900/1355 (66.4%) in_db=121 needs_download=214 needs_manual=565 downloaded_now=121 already_present=0 failures=131 reused=817
PROGRESS: sync 925/1355 (68.3%) in_db=129 needs_download=219 needs_manual=577 downloaded_now=129 already_present=0 failures=133 reused=839
PROGRESS: sync 950/1355 (70.1%) in_db=133 needs_download=225 needs_manual=592 downloaded_now=133 already_present=0 failures=137 reused=862
PROGRESS: sync 975/1355 (72.0%) in_db=135 needs_download=230 needs_manual=610 downloaded_now=135 already_present=0 failures=138 reused=883
PROGRESS: sync 1000/1355 (73.8%) in_db=141 needs_download=235 needs_manual=624 downloaded_now=141 already_present=0 failures=141 reused=906
PROGRESS: sync 1025/1355 (75.6%) in_db=163 needs_download=235 needs_manual=627 downloaded_now=163 already_present=0 failures=141 reused=931
PROGRESS: sync 1050/1355 (77.5%) in_db=175 needs_download=238 needs_manual=637 downloaded_now=175 already_present=0 failures=142 reused=954
PROGRESS: sync 1075/1355 (79.3%) in_db=186 needs_download=245 needs_manual=644 downloaded_now=186 already_present=0 failures=147 reused=977
PROGRESS: sync 1100/1355 (81.2%) in_db=204 needs_download=250 needs_manual=646 downloaded_now=204 already_present=0 failures=149 reused=999
PROGRESS: sync 1125/1355 (83.0%) in_db=220 needs_download=256 needs_manual=649 downloaded_now=220 already_present=0 failures=154 reused=1023
PROGRESS: sync 1150/1355 (84.9%) in_db=228 needs_download=260 needs_manual=662 downloaded_now=228 already_present=0 failures=157 reused=1047
PROGRESS: sync 1175/1355 (86.7%) in_db=232 needs_download=274 needs_manual=669 downloaded_now=232 already_present=0 failures=165 reused=1066
PROGRESS: sync 1200/1355 (88.6%) in_db=252 needs_download=278 needs_manual=670 downloaded_now=252 already_present=0 failures=168 reused=1090
PROGRESS: sync 1225/1355 (90.4%) in_db=275 needs_download=280 needs_manual=670 downloaded_now=275 already_present=0 failures=170 reused=1115
PROGRESS: sync 1250/1355 (92.3%) in_db=293 needs_download=285 needs_manual=672 downloaded_now=293 already_present=0 failures=175 reused=1140
PROGRESS: sync 1275/1355 (94.1%) in_db=302 needs_download=289 needs_manual=684 downloaded_now=302 already_present=0 failures=177 reused=1162
PROGRESS: sync 1300/1355 (95.9%) in_db=318 needs_download=295 needs_manual=687 downloaded_now=318 already_present=0 failures=181 reused=1185
PROGRESS: sync 1325/1355 (97.8%) in_db=336 needs_download=299 needs_manual=690 downloaded_now=336 already_present=0 failures=183 reused=1208
PROGRESS: sync 1350/1355 (99.6%) in_db=355 needs_download=302 needs_manual=693 downloaded_now=355 already_present=0 failures=185 reused=1232
PROGRESS: sync 1355/1355 (100.0%) in_db=359 needs_download=303 needs_manual=693 downloaded_now=359 already_present=0 failures=186 reused=1237
Dataset: disorder
DOI queue rows read: 2234
Unique papers: 1355
In database: 3727
Needs download: 13700
Needs manual access: 9455
Downloaded now: 359
Already present: 0
Reused existing/checkpoint: 1237
Refreshed missing metadata: 0
Metadata provider successes: {'pubmed': 103, 'pmc': 6, 'unpaywall': 117, 'crossref': 16, 'openalex': 6, 'semantic_scholar': 0}
Metadata provider errors: {'pubmed': 0, 'pmc': 0, 'unpaywall': 0, 'crossref': 0, 'openalex': 0, 'semantic_scholar': 0}
Unpaywall enabled: True
Download failures: 186
Paper DB JSON: /Users/frank/Library/CloudStorage/Dropbox/projects/psychedelics_knowledge_graph/data/processed/paper_library_disorder.json
Checkpoint JSON: /Users/frank/Library/CloudStorage/Dropbox/projects/psychedelics_knowledge_graph/data/processed/paper_library_disorder.checkpoint.json
Inventory report JSON: /Users/frank/Library/CloudStorage/Dropbox/projects/psychedelics_knowledge_graph/data/processed/paper_inventory_disorder.json
Inventory CSV: /Users/frank/Library/CloudStorage/Dropbox/projects/psychedelics_knowledge_graph/data/processed/paper_inventory_disorder.csv
Inventory Markdown: /Users/frank/Library/CloudStorage/Dropbox/projects/psychedelics_knowledge_graph/data/processed/paper_inventory_disorder.md
